#################################################################################################################################################################################################################################################################################################################################################################################################################################################################################################################################################################################################################################################################################################################################################################################################################################################################################################################################################
#,                    -        ,  .-,         `       .`             "       `  .                                                                " '     .   .              "            `   "    .    -  -  -" -  " " `  .   ,             " .                              '          `          - ". '    .               .          .'  -                                             .         ' `       '  .`            -     `     "           - .         -  `    -       "           . .    '                  '         ,                  -,     ,    ,'       ,`       `   ,"      `   ,,         "                   ,                          - .                  '      , "              `         "    "   '    .        .     .      . -                                              .,             ,  -                  `   . `    .    .   .          .  -                            -.                  ,          '" #
#           "       -                         .                 '       "'  `            '         "'         ,  "                    '            -             `                        "                            '                .                       ."    '                    '                            ,  `                        ,                      ` "        ,                            -       ' ',                 -                ` `   ,           -    "       ` -      . '    `                        '                    ,                            `    .            '           '         '   -,  '            '   "           ,                ,         .   "                            `    -          ,           ` `  ,        '  "           .      "   '-   '  `                      .         ``"     .      `'              .                   "         "  '         -          `-        #
#            '                       '" "    -      `                   .                 ,      ,   -        '       .            ,        "       -                   .  '        - " .          ' '   -,                                  , `     -      ,                                          `       ,     ,      `                    '      `                    -        , '      -                       `                                         ,`                .          "  -             .         . "            -  `      '      .'        '       `      "   . .   ,   "           "  `    '           `                           '          '   "               -       '           '     '     `         .    -            ,          `  ,                        ` '   ,`   ,                 ,                        -            "                     .              `    ,           "          `  ,          #
#,' '           -                       ,   ,    -  , .      '            "     '     -      `                     -  .   ,  `              "`             ' '  -                     -                                 '                              ,`    `                        "           -                                  '                   '                      -                      .              .              -                       -                   '                                              "                                    ` ` . -       "        "         ,      `         '                 -               ,             - "             .                   '                      '            , .          "                      ,         --                            ,                                 -'  ,       `.               ' "            `       `     .      .         ,       #
#  ",                                                             '                 "             .         ,    `               '            .        `   `                              -       -   -      .     "     '                                       .         `            --              -                       "  '   ,          "          ,    '                     ,     ,.       `''    -             '                ,    ,   -   -    '           '                 ,,     '        ` '  "         ,                                                      .       ,      - `         `               -  .          .         ,            '   .              .  `      "     . .      '          ,  ,  ".,"    "         " , "-                  '                     -                      ` ,               ,   .-   ", `       .''        "    .  ,."       `     "  `                 .                          #
#  ,     .            `   '  , ,              '  .  -     ---              "             .                  -          -                '   -                   -       .            -     -       -`  ,.    '                 `  '   .    ,              '      -                    '                      '   -       ,        ',              "`, `   '   "       "   `- `  ,   .  .      . ,  -     -           `     .    .    `                    .     .   ,             -                "          `         `           -                                        ,,              ,                         .                                 ,    -   ,     "      "    `                            `        `.               ,                    - ,  ,,                                   .      -.   ,       - "-                            , -             " '  '            `    -       ,     '",       "   "          " ` #
#  -      -              -            -  "     "          -  '                    "        '"    .                     '        '.                                   -        '  '   `     .  `   -                      -    ,.     "  "      .   ,     '-    -   .`                         `                              -       `   ` .                ,         "                 '     `           "  ,       '   `         -   "    - "   -     `              -      ,            ,                . " '         -'                                         -      .    '    `                            ` ..                            '      -`              ,        ,  '     ,        .    ,          `                "    '   `           "                          -               ,.             ,                    "     -  `-"                                  " '  "  "                         -           " ,     "'#
#                      ,    `      .             -      .,        `          .              `                                    '                     "     "       -      '                             .       ,    ,       ,                            .             '        '                       '     `             '. -     .    ,     -     " " ,  "       -                                              .        ' .    , ",     `        '     `         `      .    `'      . ,  ,        .   "        " -        -                           .       .        .,   .     `                                      `   `       -  .                    `          '     .          .    -                  `               .        -          ,    .  "     '                      '        "                   -     -                              .      '  "                    '        .                `         ""      #
#    .         -                                       .    ,  '"              -         '-'  - "                ,         ` '                            -- "     '                  ,   ,             '  "              --                                           '         "                                                               ,                       .  ' " `' " `           ,  ,-                             '     -           '        -       , ,        `  .     -  .                      `                  '                        .             -        `      '                          .   .    "  `                `          .                                ` ,    '       .          '                  ..                    ' "                   '      `       .               -     ' "       '      "         -             '          '                  -    ,    - `  .    -                    #
#             ' `  "     ' - -                -                ,    `  `  "                                                '               "           -     "                " '   -               `        `              '          "  ` `    `     `           -                            "         -"                              `     '      "   ,     .  `   `            -   `     '       ' - -       - .         '     '- ,      '   .      '.'         `        `     `                ` -, "       ,          '                      ,-     .                                         ' -             .    "              .  ,.       '        . .,                           -      ,  -                 -                                                 ,                 -           -           `    `         `                                  -             `    "       '    `'                                     .#
#                              .            "   '                 `           .     ` -     ,    '               ",        .               '     ,  -    ,         .    `         -                     -,      .    '    `     " `"           `      '              ,  .`           `    ' .        `           .,                                        "  "   .   " '         -           .             -              -        '              ."         - `           -              '                       `       '        '               "   ,                ,        "   -       .   `                              '  '                  '      "                    -                         , "     ".   .                          `    -          '           .       '        ''                                           . '    -   -`              -', `              -                 '    `     .              -      #
#              "'    "            ,             -     "    ` "'  `    `    ." ,          "     "      '      ,    '  ' `, .                    -                       .           "  -"                    `  .                  `       "        "                     ,, ,                    '    .                -         ,  '             "    `  ,        `                            ,'  , `   .  ,  `            '`  `            -                                                        .                                        `                               '                              `   .                   `   ,           .               ,         '        "             "         ''       ,`           `'                 "          `          .    "   '      . -         '   '      '    .            "      "          `         .      ` `               '       `       "           '   ,   "           .#
#`  `      "         `            -                     -        ,       .             - .   '       -       `           '  '  "                       '                 `       "        ,            `           ` -           '.   ..  `                 '                        ,      `     -  "              ,          '        "    " .      " "   "                            "     '       ,  -                                    ,                                                               .        "     ,                          ""          `    `               "    `                            -          -   `                                          "   -        -   "      .     -                        "  `          -               "     -`                              .         `-           ,           `                               .                  ' .      '"   .                         "#
#   -   ,`   .-  '               ,                       ,                      '  `     -   .            '     -                  .          '          '    .      "           '                         "       '.                        -   ,  -      ",       "-         -                                ,              .        `              -          -             - "         '        '  '                                        -                     -              "     ,   ,   ,         -          . .           "  ' `     ,          -        , `                                      '-  '.      '                              ` `        '             -      ,   '     .       ' '         ` ,  '           `" .                      "               `    .       .   `.      ,   .       . -                    `     -       '        "           " ",                       '         `-     ,                -#
#         `     .   `         ,          `               "         .              -         "   ,  -     ."                   .           '    "              "       .    .      .                  `         '       ,             '`                       -               -   `  ,   -                            "    ,     '     "'                                .  .          `'    -     `             '                                      '              - "- ' -   ` '   '        '       "               ,                     " -      .          .       .         '         `   ,  '-               "       '  `                       `     - ,, ''    `      '             "                 .,  `                   , "             "              "             ".              -     -  "                       `  -  -    ,          -             ,      "                  ,                      `              "'  #
#  `        .   . ,     ' ' .         -     `   `      .      ` '"     -`          -        ,                                               -           `              ,                  .            `             .             .`        `                                    "   ``                `  -    `            `    ,             '      .          '         "   ` `    -                .                         `                '      . -      '  -   "        .  "                          ,              '        '`                           ,        `                  ,     '   `          .-  .       `  -,                          - . .   '                                '   ,          `        .   ,                   `   -     '                   .            "                  '    `    .              ` -                    `.      -   '                    `         `   `                       #
#           .                   .                      ,        '                       '                   ,  `  ,                 ' ""     ,  .               ,.   ,-                    ,     .              "     .           ,     , .                      `              #######################"     " '        "                     "                "   -      `  '               " -                   -     `                   .              `         .' "       `   "     `              '                - .      - ` .         ' - -   ``      , "    "      '                             " '     .-      `  -                                              ,       - .         `    ., -           "              ` -     '                    . .-        '.            .     -  '            .               -   .   "  ""   ,   ,                "      '                     ,   `             .   `         ` `.      #
#   ,                    ,     -                               `   ## '                   ,    "  -                    '   '             '      ,    ,      ,     ', "  "  '`            `   ` '                            '      " .                            '       .     #.....................#      ,           . .     `       -           "                '  '                   "               -    .                `                 "    "             "                                        -      -             `                      '       `"             - .-             .         ,                   -     '        '       -  "  -    .           ..   ."      " '  `                                      .     `                  -       `                .    `     -        ,        .   `                           `             `                 '"     `    `            "        -            ,   ,   #
#       ,"       , ' `   `      .    ,"  .          `            `#I1#           ,              -   ,          ..,                    `     .     ,             "                    .   `     -               - ,         `                                   .   '            #....D................#-                  ,    ,    -     "             .   "       -    ,            ` `   ,   `                         `                             `    "            '  ",     ,      "     `                  .    ,                 '      `                           `   `   .    "                       .`      '                                  '   `    "   "         `"       -             '.                 '    `        , .     -   ,        ,               `    "                         `                , ,    "    '                           .                             "                  .     ."             #
#............... ....................................... ..........    `              .             '                        -               ",,     "                       '                       .    .   -    .   -               ",                                       #..=========..........#          .    '            .          ,                              .      -                  ,    -         `     .                                      ,  "    .   .  '        `-        "       ,              '                .  `                    ,       -                  "               `        - '             ,`            .   .   "`     ,  `     ,.              ". `  "       ,                         "       `            -     -               ,    '                          -         "  .    -       .         ,,           .  '             `          -       -             .                          #
#.... .............................. ................................................      ,    .      ,              -         .                                                                                   `        .                        `   . '      `     '.     #.....................#          ,.                                                '  -       ,.  -         '      .                   ,    . ,. ``             '".' . ,       ." '        .  ",                                   "  "       .          ' ,            `          ` " -     "         '                       .                    -       -          "       ,   .              '   ,                   -     '      ,                 '                        -  -    "                      "                ,       `    .                              '  -    "   `                     -  ,          "         `  -                   -#
#..................... ........................................ .....................                         -           ,        --   " .           `  "       .                 .     "                                             '                    .  "   .            #.....................#          -   `  ,          . "   `                                  '                                                                         '    .    '  .      ' ,     `                         .                   "       "         ,                 ",  ,-     ` ,            ' '        .                   .  ,  `           ,        '  "  ,     ,,     - '                   .     ` '                        ,    . `   ",           `                        ''  `     ' "`          -       ,  ,         "  -    .        `            '     '                            ,                                       "     -#
#        ' ,                                                       .................................        `   .                           ,        `, ...           "       .          ` ,                  `"     '            -          `   "             .       .        #.....................#            ,,                .           `      "                                      ,                   .'      .       "                    " '              , , `    -              '      , - ,            `       ,                            "           "  `           "  ,                 '`                              -       .        ,       , "           '     "              .           .               ` .           '                   `       -   '             "                             "        ,     "  ' `"         -   ,.                                              -  `              "  ,       #
#                '  .  '                            '           .                ..................                          -    -             '"`      .   ,  .'  ,         "         `"         " `    -            -                 -      . ,          '             "    #.....................# '  "                 '       `                       -              `   .  ,                   `-            -  -       `   -              '                  . `                        `  '    "'        .  .                  '   ,                           ,  '  ,                 `                                       -       .   .                    "  -  `      ,-           - .     ` ' .-     , ,       . `         . `       '   `             '                  .'   `                            .  ,                     `     .                   .  '                            `      ,             , -       #
# ,,      '         .`       -    .  ,         .  "  .'.                    `'   ............................       `                    "        , `            `       - .   -  -         .     -'   --.                                 -"       ,  ,    " oooo       .   "  #.....................#   ,   "            `  .    ,     .       "                 '       ,  "     ,   "   `  '-                     -      -                        `" -       -                          .            .`  `                               `         -              '    , '                   ,    ' '     .             "  `         "       -                              "          ' '       .                .      '",  . ,         '      -               "                          .                         -."    -  ,           `    -    '   -  `     .                               .               "   ,               ,   '#
#"                  "   -  .  `  "            .      , ' . -                                .................     `     ,    -      "      .          ,                           - `          ,             , .....................................   - ,   ooOOoo .  , '      #.....................#   ' ,  "  .- ,                              ,        `   `- ,                      ,   "    '   ,     `,              ,,  -      - `                         ' .,    .        ,            ,      -          `                      `   '    -  `      ,      ,            "   `  ""            ` "      `           `        ,"      "     .                        `                                   "    '   "      -             '   ,  .             '                    -                   `             -`            `,                   -                 ,         ,    ,   .,     .                    `    .        -  #
#         ,  '  `.              '           `                '    .                 -  .    ...............................  -  `    "`       `         `                        "   ...............................................................    .  '  oooo              #.....................#-     .                                     .  `   "                     ,   -"   "  `-          '    '   -     "     -                                         -          ,     '   .       "        .        - "  '     ,-       , "   ,,"  - .                   -                        "                                ,     `                   '  ,         "     .              .   .   `           '                          "       -            '        -           .       '             "       "  " `         -                            .    '              '  '        "   -.      . ,   .`                        #
#          .     .   "             ,                          "                          -       '     ` ..................,            -             .        ,  ..................................................................................  ,  `            `         #.....................#         -       . '    '       ,         -                                  -     -             . "       `       ,   `  .   "                    - ` "        ,         "` ,      -        "     "       ,  "  '     '  "       "            "        ,    '                            "     ' `                  '                           . -"              .            ,          `-                    '`             .     '  " -     -    -`    ,  "       -          ` `    ` '          ,    -"                                    `   '          '  '         -         -     -         `   " " `          .       .    - #
#        '      -          .-                             ,                        '                  '- .........................................................................................................                  "  "   '  ...... .     '    .          .    ##O####################    ' "             '" '       `. "                                       "                                          -             '  '  ,             -        ,          '   , ,                 '    '       `.-   .                         -                                -                         "   -  '            "   - '         `    "       .  -             ,          `  '"     "     ,"      "  -                   `         ,    "               `       "        ,          " . ,   '                        . .                            `   -          .                    .             '          -         #
#   '  .           `      "                    '    " -   .  ' `    "                         '   `         '      .........................................................................,   "           `   ` ,         . .               ......              -              .... I2   '              ,  `                -          .  ,,                                          ,                 '   . '            `        `            '          -       '         "      ",           -   '    '            .                  .        ,"    '                '      '       .       .               '      .                         .     "  .       ,  -   "      -          ,-      `        " `  `            .               "`-  `          '    ",     -                 , -          -                                              '   .`   "                -                         .   " " . -                ,-"  #
#                  `         '        "    ,     "   -  -             " '                              " -.     .  ...................................................            "       "`                              . ,   ,           ` ......               -`  '         ....         -                     .   ` "            .  ,               "      ,  " ,                "                         "'                               ,                                         .   `    -    ,     .           "    `     ,                                    "                 "                                                               -      ,,  , "           "          " '"    ."       "   `   "   ,"         '  ,                   ,               '        -   " -             .        .                   '            --                         '   -    ,            "                "        . ,          #
#   '   .   '               '  .        `-     '                                     -         '                        '- "           ,    ,       ,              '    -       `              `,         ,                          .        .......................................           `      `      ' ,     -                            '      "-    .,                            "                     '                    "  '        -      ,    `,          '.                  `  " "                    `.                        -             `                         -         `  -  ,        "        .     `      -        .                      `                               -                          "           ,          ` ,`  '         ,                                          .       -           - `    .          ,    - -    "    "     "    "                             "                      #
#         -                 `                       -   .        ,                   "                    "  -      ,         `   -     `        "  "                 .       `    ,` '   ,        "      -     ,         `        "          .......................................   ,           '      '        .      '     -          "               '         "    .      "                                 '             `      `      - `  '           .                                    "     .        '  '     .               `   ,     ,   "'     "`' '                   -                                -     ,           .                   `           "    .          `   '  ,  "                  ,-      "                         .  .       -    `   `         .                             ,                 .               . .  ,    `       '            `            .           '    -  "      `             #
#              '         -", ,        "                .  ,  ,            "                    '           .    '   '     `  , -         .              ,  ,      '               `                        "     '               '                 "   .                           ,                '           `                "        `              -                   .           -         ,                 -,           ,     "                      `      ,               - `        .             , `         -        '   .                ` -  .              .           .     `              "  "     `          '         -,                 '      ,"            .             .              -          "     '`                            .     `                      ``   -   ,               ,'      ,   "         '   ' `        .     ,         ,         ,    ,            "'        "      `  -,                   #
#       - '     ,    ,,,        `   , .- '-  '       ,                     `     "   - ,  `,   `                  -   .            .          '    ,           "        ,             "    '  "       -            "   '    ".  `    "                `   `                '    ,           .` -              -       -       "            '      .     '  -           '  "             ,       -`       .     , '"           ' ,  '                                         , "  -        -                     '                      ,       " '       .                       ' ,      ``'     '      .       -                 '                        `      `                     `'        - ,        " .            `           '                 `     - '          - '         -     -                      `                    '     -                  '   '   '         '   `  .  , `   -    ,`  '              .              `#
#                          .      `   "    `    "  -       '            `.       ,.            `    ,   - '             `  "   "      `      `     -            '    -  .  `               . .                  - '      ,   "              `                            ' .                  "  "               ,        `     ,     `            " .                   "         '    " - -              '  - -"  '     -   "     "                              "       ` .       '        `  .  -                             -                    ,,-   ",          '   "         ."            `                      `                   `       `                                                  .            -                       .   -     ,   `    '      '  '                                          -                                       .            "'    ,'  ."               `             .         .       .       #
#   "                                                 `                                   "    ,  '            " `                     '.                                  ,  `    '  "`     .    ,             `   ,                                 "      ,              '   ,          ,      -   ,                            ' .   "                         '` -                             -        -   ,       ,         ,         -     "              .    '  "          , '       ' "         "                `  `                   ,     "   "      `   .           ``             `      "        .-      ,               "       , ,        '         ,     `        -             -                  `           - -  '     -     '   "             "    ,                          ,                    -`                                                     "      .                    "             . --             ` #
#     ,      `  ,     ,                     -                        .    '     `                     '                      "       .                    .          ,           '    `  '           "               "        `                       -                      ,            "     '               .,  '    `-   .               -         -       "  '                        . -    -     -                     '                           `` ''   '    -                             `   ` `    '       '   ,                  "     "  '     ,   "  ,           -                                            -                                          '                -        .            .  .               .,                           - `                               '                            ,-                '      -             "      "            `   ,        ``   .  '          ,                  " #
# '  .              ,     '-     `                    "              '                  `                  ,    '      '                        "                        '  .         -                    "          -         .              , -    '             .  ,                                                  `                  `     `                   `    "                .  '        ,      . "      `    `    `    ,`               "  "                                           ,,          .            .       "`               -                     ,               "       "  ,                 `                            '   ,   .       .                                                    `              -  -      "    -   " `                                                `           `    '    .             .       ,   . `              --                       `     .           .        " '    #
#       '`       .  .-'        `     `    `        -          .          .'                      .   "      "                   .`       -        - '  ,         "         ' "`"          -                                                                                    -  '       '`               ,         '              `   ,            '          `            -                        ,                 `     "   `         ".     ,          -  ,      ,          . "   .`      `           -        '         ,        .     '          -                                   "         -              `     , ,           .  -      " , "       . . ''                         ` `'                                      -'      '      ,`             '                  .                        .                -       "                `       ,`       ,               " `  ,  .        -,         "   "       ` `      #
#   "                                   -   ,                         `       -                                   `                   '      "    , .                "       "   ,               , - -  '  -                    `  ' -                 `         " .                 ,           .         .   -           , -  "'      -'   '" ,  '          ,    -        -                                  '                 .  " .'                        `   -        `.    "  ,        .              , ,          '                 '-.`     .    `              -           ,                                                  -     ' ` '      .`                     "      ' "         '              . -   .    -      ,         .     `                             ,                  . ''              ,           -    `     ,       .     ..                      ,          `      "  '                                    .#
#    `           ,            .    .   "                        .          ,'               '                 .        .   -                      ""  `                "                                  '"     `"  .`                 " -                      .             ' '     `     `-      `     '         .               ' -        -                 ,                       -    -            -                           ,          " -      '   ,  ,    , ,          `              '   '   "        `"     -                 "                 "  -"         -              `     ,               . `                  ,  '        .                .  -                              `      .  .            .     -    ' ,          ,             "                ` "-  "         "         '       .                            ,--,    .    ,   - .   -       `      "     "               "  '         . .-         `     #
# -          ,`                     -           '                          `         .            "      `      ,' -     `           "   -   ,              .                      .  ,    "       ,            -           `     -   .      "                                       ,  .   ,   ,-'   `      `                                 .  .    "     '                 -    '                        .            `         `                                  .                  '            `     '              . ,                      `      `                        '      -     '                   .  '                    , ' -`              ,          ',      ,                  `  .           '" .- , ',   '                `     `                  '       ,-                       `           -.                    "-   .             ,    "                                    ' '       -            `       . "#
#   -               .       "                  .'       `    "             '        -                   '           .      . "           `"                          "   -.  `-     ,'                               .      .         .      "      ,         .          -         -   ,      `               -            "       ,                   -       ,     -  '        '                         -   `       ,,       -  '                ,        " ' ,     ,            ' .                                "   '.           -               ,                "                    ,  "      `                      ,  .           "  -       "   `  ,          -       `                            `-          "",    .                     ,            ` .               "               ,       "                       "     "       ,             ,       ,                   .          ,     ,                  -  -.       #
#  '                     '               .        `        "  '  `    ,   ,    ,          -        - -                         "".         '                      ` `          " .     "    ,  ,     "                           '' `'  '                           "                '            -.  `   `                  `            ,     '       .           -          `' '         '   ., ' ,        ,     , "   "        --    ,             `  .               "      -        ` "                  '     "                 - .  .    "         ,   "           '                  "               `     ,                 -                       -                    ,   '              `             ,    '       `      ` '      '   ..                                       .          .    '               "    .                           -      `     "-                    ,    ,                          ' `          .#
#           '      '        -     "   .  ,         ,'      ,    `     ,     "         "  '     `  `          `        "                   ""                                                     "                   ,        `        "     `,                            `                 .               -     "                        ,  "                         ,          '  -     ,   `     `             '       ,          ,                    ,                     - ,                      '       - `  `            ,   `           `   "   ` .         ,              .   ,           `.   "              '    "                            -     ."      `"             "         `                                             -       "       ,     '    '     `         ,   - -         , `      .  `         .                       '  -                             ,      `          ,                 ,   "         #
#-   ,                '                '  '  "-      , `"       ,, .  "  .        -  "           "  .                 `       .   "    `                                     '    `.    "                    `           ,                     ,           ,        '  ,         "            '                         "        `               .   .      ,               -                     " ,      -      ,                        - ,    ,                    .            .  -`  '   , .                   ,         "                         -                `      -      , `      - -               -                     -        '  `          "    "                  '       " .    "'     "               -        "     ,      -                      '              -    "   "    .        `                    -  `                     "            , -    " "            ,"         .       `        ` ,  -            #
#               '        `                ,              .                               `         .                                    `       .            "        " "  .          "           .  "            .                    ' `      -                  ,  .                                       `                   .   .                    .      .                     -'      . .   ,       -                                  ,`     .           -    '   -                 '         `  '         -                ,   '                   ,        "   .         .                          .   . ` "            , .     ,            - , '    -        `   `    "        "      `"             -       '                  -           ,     .             ,       '       `                         `                     ,   "             ..   -   "                                                           '        #
#             "        '         ,-     ,               '  ,        '        .                 '   .    -,        ' ,  "          ,                             -'",  .'     "                         `                .               "          -   '      -            '                               -    -                "      , .   -   . ,           .             ,             ,          ".      `               ' -                 " -            "         -        .                                    -     ,         ,                `       "  ' ,                       "-    - `   .      -     "  .        "                           '        , '          .    ' ,          ,      `       ,                  '       -    . "'      .           '             "   "  ,    `-`                          .         ,                       .     ` "             '     -                                       "    #
# ,     . .       `.    '    "                    "     " -         '  "                  '        .   ,      " .                            ,       ,        -           -  `      "        "     .     ,    '                 -         `                 "  `                        -     "       - "   `                  '                 ,         -   -              `              ,      `  .              ,        - ., `                          ,                 -      ,           .         - `. `                                                  ,  .            -"          "                            `                  `     .           "                            . "                       .  '      `  .   ,   -                   "      `      '       -       `             '  "",                   '                      '                  -     "           "  . `               "           '    `    #
#  "   - ,      .     '                   -                -   `   `       .,,   "   '                   .         '      '-         , ,       .    -                  '             .                       .        -`                          . '          `      `             `   '"                  '            ' ,          `  ,      .                        "    '                    -         "           `    ' .           '    -  '             ,              .     -   `   .   "              "    .              '           `        -                     " "           "   '  .'      , "                           .              "     "    "  '                             `          '      `                .    .`           "   -   ,   -    '.      .'  " '            ,        -                                  `   '                 , ''                ,                     '         " '     ,,        #
#      ',                , -     "         '          `                    - `   -        `                          -,    "                      "  `       ,           `- .      .       -                                    - .             .                 "          ` '      "       '            ,.   - `                      -                                  `                                       ,   "   .                       `     . -      `    `                         '          -             "               .    -",      ,     " '-                  .       -  "         '                                      ,   `           '                          -         `       -       ' .           -      '    ,           .                  '                .    .  .     '          `               -          . `       "    '        '-  '  '   -                        `      ,              -,        #
#   "          '    .    -             -                  '  " '                             `, "   -  `               -                       -.   '   '             ,                       .       ,' -        '          `          .                .          `          . '       "-    '            `    '`        "         .        .  '            "     '     -         `                    "            ,     `                  '  '   -                '           .       "              "                                              '              -                 '              `     .',   '      , .  -`      -                .     .                  ,  ,           "              "          , ,  .       ,                         `    "                             .                   -    `       -                         "          -    ,        ,     "          '    .   `      ` ,            ,     #
#                         ,''.                      . '-    '              -       '                    '   -              ,   .     "         -       -       .                        `     '        "                            .         "                ,       '  , ',   -                     '          `'                                    '            -                         '             .                      .     ,                                 ,                     ,          `      .   '                 "`      .                        ,       "    .             '"       `            `    .       .             ,         ,                      `                  .      . .      '         `      .  `             '       "                       `      '-  ""                    .  '                     `         ',         .         -                                         `  ` "          #
#                               -     -   "   "`     `,               '         "      ' .  "       `                              '    "      . `   ' "           `    `"                      ,   ,  ,    '  ` '     "             '            '           .                                 '     `               `                        '   " `     ,                     "             `      "                                      '       ,             "  '      -.   ` - '    -        "               "      .     ,  -  ,      " ``                       ..                     "         -,   "    '              .     "     .  ,    "   .          .      `        "  ` .    .       ,        '        .                            "            , ` ,    '  -        ,                "                          `   '.      `             " `                                           "     -     ,  ,  .                #
#    - .        -  - '             "      ,'  `      "                          '  ,`                       "  `           .            ,,  `                            '                  "  -'                     `   -         `           "          "                     ,    .,          .   -   -     '    -                - .,       .                                     `     " ` "    ' `        ,            "         ,      "                  ' "       '     -    "             -     `   "                                      '  ""        .                         " "                                   .   .   `           .          .    '      .               `   '           `           "                    "  ,  `    -                  `        , .   ``.   ,          " ,                   .                  . ..                                                                    -    .'  `  '     #
#                            "       .                -`   '                   ,     "    ,             "             '   ,      .      `      .          `     . "                      '                      "   -                     `                   ,     `'      ` ' ,    -   -                     .             '        "                               "               ,,     .  "--              ,           ,                       -         ,       -  `         `        ,  .           '       '       ' .                     .    -    `                `'       "    ,   ,                                   "                          -     `        '   -      '            -          "                                   .  -     . '             .  "          '        ,    `       ,      `       `   '               -    .                      -   `     '                       '     `                     #
#################################################################################################################################################################################################################################################################################################################################################################################################################################################################################################################################################################################################################################################################################################################################################################################################################################################################################################################################################